=== omarchy-strudel playback test ===
Date: 2026-08-26T15:12:57Z
Node: v25.0.0
npm: 11.6.2

=== Step 0: Check node_modules ===
node_modules present

=== Step 1: Test node-web-audio-api produces sound ===
You should hear a 1-second tone...
Step 1: PASS

=== Step 2: Test @strudel/webaudio with polyfill ===
🌀 @strudel/core loaded 🌀
imported getAudioContext: function
got ctx: object
ctx state: running
ctx state after resume: running
Step 2: PASS

=== Step 3: Test a simple Strudel pattern ===
You should hear a 3-second arpeggio...
🌀 @strudel/core loaded 🌀
[cyclist] start
[cyclist] stop
Step 3: PASS

=== Step 4: Test the coastline song (samples + tonal) ===
You should hear the beginning of coastline by eddyflux...
(This fetches samples from GitHub — may take a few seconds to start)
🌀 @strudel/core loaded 🌀
[superdough]: AudioWorklets disabled with disableWorklets
Preloading samples from github:eddyflux/crate ...
Samples loaded.
Evaluating coastline.js...
[eval] code updated
[cyclist] start
Playing! Will stop after 10 seconds...
[webaudio] skip hap: still loading
[getTrigger] error: Failed to construct 'AudioWorkletNode': processor 'lfo-processor' is not registered in 'AudioWorklet'
[sampler] load sound "crate_rim:0:0"..
[sampler] load sound "crate_sd:3:0"..
[sampler] load sound "crate_hh:0:0"..
[sampler] load sound "crate_hh:1:0"..
[cyclist] stop
Step 4: PASS

=== All steps passed! ===
RESULT: ALL PASS
